........................................................................ [ 29%]
........................................................................ [ 58%]
........................................................................ [ 87%]
..............................F                                          [100%]
================================== FAILURES ===================================
______ test_trigger_engine_subscriber_stays_safe_and_emission_continues _______

client = <starlette.testclient.TestClient object at 0x000001DA2F39E510>

    def test_trigger_engine_subscriber_stays_safe_and_emission_continues(client):
        """Emission works before AND after a client connect/disconnect — the WS
        transport never degrades the engine's own recording."""
        _seed_user(USER_ID)
    
        def accepted_types():
            return [
                t.trigger_type
                for t in trigger_engine.accepted(user_id=uuid.UUID(USER_ID))
            ]
    
        # Before any socket: a run still records its WORKOUT_COMPLETED normally.
        with Session(engine) as session:
            process_run_sync(
                session,
                RunSyncPayload(total_session_steps=500, hexes_to_steps={}, run_id="pre-ws"),
                uuid.UUID(USER_ID),
            )
        assert TriggerType.WORKOUT_COMPLETED in accepted_types()
    
        # Open + close a socket (client churn), then emit again. Two WORKOUT runs
        # inside the 10s M8.1 cooldown would collapse to one, so prove continuity
        # with a territory capture — a cooldown-0 type that must always emit.
        with client.websocket_connect(_ws_url(USER_ID)):
            pass
>       assert _wait_until(lambda: ws_module.manager.active_sessions(USER_ID) == 0)
E       assert False
E        +  where False = _wait_until(<function test_trigger_engine_subscriber_stays_safe_and_emission_continues.<locals>.<lambda> at 0x000001DA2F3967A0>)

tests\test_ws.py:276: AssertionError
============================== warnings summary ===============================
.venv\Lib\site-packages\fastapi\testclient.py:1
  F:\Projects\fitquest\apps\api\.venv\Lib\site-packages\fastapi\testclient.py:1: StarletteDeprecationWarning: Using `httpx` with `starlette.testclient` is deprecated; install `httpx2` instead.
    from starlette.testclient import TestClient as TestClient  # noqa

.venv\Lib\site-packages\starlette\testclient.py:53
  F:\Projects\fitquest\apps\api\.venv\Lib\site-packages\starlette\testclient.py:53: DeprecationWarning: The anyio.abc.BlockingPortal alias is deprecated, use anyio.from_thread.BlockingPortal instead.
    _PortalFactoryType = Callable[[], AbstractContextManager[anyio.abc.BlockingPortal]]

tests\test_recommendations.py:16
  F:\Projects\fitquest\apps\api\tests\test_recommendations.py:16: DeprecationWarning: datetime.datetime.utcnow() is deprecated and scheduled for removal in a future version. Use timezone-aware objects to represent datetimes in UTC: datetime.datetime.now(datetime.UTC).
    NOW = datetime.utcnow()

tests/test_coach.py: 11 warnings
  F:\Projects\fitquest\apps\api\tests\test_coach.py:79: DeprecationWarning: datetime.datetime.utcnow() is deprecated and scheduled for removal in a future version. Use timezone-aware objects to represent datetimes in UTC: datetime.datetime.now(datetime.UTC).
    last_capture_at=datetime.utcnow() - timedelta(days=1),

tests/test_coach.py: 6 warnings
tests/test_coach_scenarios.py: 7 warnings
tests/test_recommendations.py: 18 warnings
  F:\Projects\fitquest\apps\api\app\modules\recommendations\service.py:95: DeprecationWarning: datetime.datetime.utcnow() is deprecated and scheduled for removal in a future version. Use timezone-aware objects to represent datetimes in UTC: datetime.datetime.now(datetime.UTC).
    return datetime.utcnow() - _naive_utc(dt) > timedelta(days=days)

tests/test_coach.py: 9 warnings
tests/test_coach_api.py: 7 warnings
tests/test_coach_cache.py: 24 warnings
tests/test_coach_grounding.py: 4 warnings
tests/test_coach_scenarios.py: 8 warnings
tests/test_recommendations.py: 7 warnings
  F:\Projects\fitquest\apps\api\app\modules\recommendations\service.py:48: DeprecationWarning: datetime.datetime.utcnow() is deprecated and scheduled for removal in a future version. Use timezone-aware objects to represent datetimes in UTC: datetime.datetime.now(datetime.UTC).
    cutoff = datetime.utcnow() - timedelta(days=RECENT_CAPTURE_WINDOW_DAYS)

tests/test_coach.py: 4 warnings
tests/test_coach_api.py: 3 warnings
tests/test_coach_cache.py: 13 warnings
tests/test_coach_grounding.py: 3 warnings
tests/test_coach_scenarios.py: 6 warnings
  F:\Projects\fitquest\apps\api\app\modules\coach\service.py:119: DeprecationWarning: datetime.datetime.utcnow() is deprecated and scheduled for removal in a future version. Use timezone-aware objects to represent datetimes in UTC: datetime.datetime.now(datetime.UTC).
    generated_at=datetime.datetime.utcnow(),

tests/test_coach_scenarios.py::test_scenario_lapsed_recovery
tests/test_coach_scenarios.py::test_scenario_territory_defense
tests/test_coach_scenarios.py::test_scenario_consistent_progress
tests/test_coach_scenarios.py::test_scenario_consistent_progress
tests/test_coach_scenarios.py::test_scenario_consistent_progress
tests/test_coach_scenarios.py::test_scenario_consistent_progress
tests/test_coach_scenarios.py::test_scenario_maintain_default
tests/test_coach_scenarios.py::test_recommendation_engine_stays_authoritative
tests/test_coach_scenarios.py::test_every_scenario_prompt_has_three_sections_and_no_invented_data
  F:\Projects\fitquest\apps\api\tests\test_coach_scenarios.py:99: DeprecationWarning: datetime.datetime.utcnow() is deprecated and scheduled for removal in a future version. Use timezone-aware objects to represent datetimes in UTC: datetime.datetime.now(datetime.UTC).
    captured_at=datetime.utcnow() - timedelta(days=days_ago),

tests/test_leaderboard.py: 13 warnings
tests/test_map_viewport.py: 10 warnings
tests/test_recommendations.py: 8 warnings
tests/test_runs_sync.py: 7 warnings
tests/test_triggers.py: 5 warnings
  F:\Projects\fitquest\apps\api\.venv\Lib\site-packages\pydantic\_internal\_fields.py:727: DeprecationWarning: datetime.datetime.utcnow() is deprecated and scheduled for removal in a future version. Use timezone-aware objects to represent datetimes in UTC: datetime.datetime.now(datetime.UTC).
    return fac()

tests/test_recommendations.py::test_r2_lapsed_player_with_stale_capture
  F:\Projects\fitquest\apps\api\tests\test_recommendations.py:54: DeprecationWarning: datetime.datetime.utcnow() is deprecated and scheduled for removal in a future version. Use timezone-aware objects to represent datetimes in UTC: datetime.datetime.now(datetime.UTC).
    old = datetime.utcnow() - timedelta(days=3)

tests/test_recommendations.py::test_r2_not_triggered_when_capture_is_recent
  F:\Projects\fitquest\apps\api\tests\test_recommendations.py:63: DeprecationWarning: datetime.datetime.utcnow() is deprecated and scheduled for removal in a future version. Use timezone-aware objects to represent datetimes in UTC: datetime.datetime.now(datetime.UTC).
    recent = datetime.utcnow() - timedelta(days=1)

tests/test_recommendations.py::test_r3_territory_at_risk
  F:\Projects\fitquest\apps\api\tests\test_recommendations.py:70: DeprecationWarning: datetime.datetime.utcnow() is deprecated and scheduled for removal in a future version. Use timezone-aware objects to represent datetimes in UTC: datetime.datetime.now(datetime.UTC).
    recent = datetime.utcnow() - timedelta(hours=36)

tests/test_recommendations.py::test_r5_default_maintain
  F:\Projects\fitquest\apps\api\tests\test_recommendations.py:110: DeprecationWarning: datetime.datetime.utcnow() is deprecated and scheduled for removal in a future version. Use timezone-aware objects to represent datetimes in UTC: datetime.datetime.now(datetime.UTC).
    last_capture_at=datetime.utcnow() - timedelta(days=1),

tests/test_recommendations.py::test_priority_r2_beats_r3
  F:\Projects\fitquest\apps\api\tests\test_recommendations.py:129: DeprecationWarning: datetime.datetime.utcnow() is deprecated and scheduled for removal in a future version. Use timezone-aware objects to represent datetimes in UTC: datetime.datetime.now(datetime.UTC).
    last_capture_at=datetime.utcnow() - timedelta(days=10),

tests/test_recommendations.py::test_endpoint_empty_db_is_cold_start
tests/test_recommendations.py::test_endpoint_seeded_ownership_context_and_progress
tests/test_recommendations.py::test_endpoint_idle_territory_is_recovery_because_r2_outranks_r3
tests/test_recommendations.py::test_endpoint_recovery_wins_over_defense
tests/test_recommendations.py::test_endpoint_maintain_after_single_fresh_capture
tests/test_recommendations.py::test_endpoint_is_deterministic
tests/test_recommendations.py::test_endpoint_is_deterministic
  F:\Projects\fitquest\apps\api\app\modules\recommendations\router.py:29: DeprecationWarning: datetime.datetime.utcnow() is deprecated and scheduled for removal in a future version. Use timezone-aware objects to represent datetimes in UTC: datetime.datetime.now(datetime.UTC).
    generated_at=datetime.utcnow(),

tests/test_recommendations.py::test_endpoint_idle_territory_is_recovery_because_r2_outranks_r3
tests/test_recommendations.py::test_endpoint_idle_territory_is_recovery_because_r2_outranks_r3
tests/test_recommendations.py::test_endpoint_recovery_wins_over_defense
  F:\Projects\fitquest\apps\api\tests\test_recommendations.py:208: DeprecationWarning: datetime.datetime.utcnow() is deprecated and scheduled for removal in a future version. Use timezone-aware objects to represent datetimes in UTC: datetime.datetime.now(datetime.UTC).
    hex_row.captured_at = datetime.utcnow() - timedelta(days=days)

-- Docs: https://docs.pytest.org/en/stable/how-to/capture-warnings.html
=========================== short test summary info ===========================
FAILED tests/test_ws.py::test_trigger_engine_subscriber_stays_safe_and_emission_continues
1 failed, 246 passed, 200 warnings in 58.79s
